../Core/Src/main.c:80:5:__io_putchar	16	static
../Core/Src/main.c:85:6:BlinkTask	16	static
../Core/Src/main.c:95:6:taskGive	24	static
../Core/Src/main.c:110:6:taskTake	24	static
../Core/Src/main.c:123:6:task_bug	24	static
../Core/Src/main.c:138:5:fonction	16	static
../Core/Src/main.c:145:6:led_task	24	static
../Core/Src/main.c:159:5:sh_led	48	static
../Core/Src/main.c:198:5:main	8	static
../Core/Src/main.c:310:6:SystemClock_Config	88	static
../Core/Src/main.c:368:6:Error_Handler	4	static,ignoring_inline_asm
