../Core/Src/main.c:105:5:__io_putchar	16	static
../Core/Src/main.c:110:6:BlinkTask	16	static
../Core/Src/main.c:120:6:taskGive	24	static
../Core/Src/main.c:139:6:taskTake	24	static
../Core/Src/main.c:157:6:task_bug	24	static
../Core/Src/main.c:177:5:fonction	16	static
../Core/Src/main.c:183:6:HAL_UART_RxCpltCallback	16	static
../Core/Src/main.c:194:6:led_task	24	static
../Core/Src/main.c:204:5:sh_led	32	static
../Core/Src/main.c:238:6:spam_task	32	static
../Core/Src/main.c:267:5:sh_spam	32	static
../Core/Src/main.c:300:6:overflow_task	2024	static
../Core/Src/main.c:321:5:sh_overflow	32	static
../Core/Src/main.c:339:6:vApplicationStackOverflowHook	16	static
../Core/Src/main.c:346:6:configureTimerForRunTimeStats	8	static
../Core/Src/main.c:351:6:stats_task	1040	static
../Core/Src/main.c:369:5:sh_stats	32	static
../Core/Src/main.c:382:6:task_shell	16	static
../Core/Src/main.c:395:15:getRunTimeCounterValue	4	static
../Core/Src/main.c:406:5:main	528	static
../Core/Src/main.c:524:6:SystemClock_Config	88	static
../Core/Src/main.c:582:6:Error_Handler	8	static,ignoring_inline_asm
